// Vitest Snapshot v1, https://vitest.dev/guide/snapshot.html

exports[`declared route table > declares every route of the app 1`] = `
{
  "GET /admin/v1/aggregator-registrations/read/:id": "link_token",
  "GET /admin/v1/orgs/read/:id": "link_token",
  "GET /health/live": "public",
  "GET /health/ready": "public",
  "GET /public/v1/aggregators/:orgSlug/links/:slug": "public",
  "GET /public/v1/aggregators/:orgSlug/lookup": "public",
  "GET /v1/aggregator-config": "public",
  "GET /v1/aggregators/profile/me": "self",
  "GET /v1/bulk-uploads": "profiles.view",
  "GET /v1/bulk-uploads/:id": "profiles.view",
  "GET /v1/bulk-uploads/:id/errors.csv": "profiles.onboard",
  "GET /v1/bulk-uploads/template": "profiles.onboard",
  "GET /v1/campaign/dump": "service",
  "GET /v1/campaign/email": "profiles.view",
  "GET /v1/campaign/email/:job_id": "profiles.view",
  "GET /v1/campaign/export": "profiles.view",
  "GET /v1/campaign/export/:job_id": "profiles.view",
  "GET /v1/campaign/voice": "profiles.view",
  "GET /v1/campaign/voice/:job_id": "profiles.view",
  "GET /v1/dashboard": "profiles.view",
  "GET /v1/dashboard/export": "profiles.export",
  "GET /v1/links": "profiles.view",
  "GET /v1/links/:id": "profiles.view",
  "GET /v1/onboarding/by-source": "profiles.view",
  "GET /v1/onboarding/summary": "profiles.view",
  "GET /v1/orgs": "service",
  "GET /v1/participant-consent": "public",
  "GET /v1/support/config": "signed_in",
  "PATCH /v1/aggregators/profile/me": "self",
  "PATCH /v1/links/:id": "profiles.onboard",
  "POST /admin/v1/aggregator-registrations/cleanup-stale": "service",
  "POST /admin/v1/aggregator-registrations/decision/:id": "link_token",
  "POST /admin/v1/aggregator-registrations/renew/:id": "link_token",
  "POST /admin/v1/invites": "link_token",
  "POST /admin/v1/orgs/decision/:id": "link_token",
  "POST /admin/v1/orgs/renew/:id": "link_token",
  "POST /public/v1/aggregators/:orgSlug/registrations/:slug": "public",
  "POST /v1/aggregator-registrations/create": "service",
  "POST /v1/bulk-uploads": "profiles.onboard",
  "POST /v1/bulk-uploads/:id/start": "profiles.onboard",
  "POST /v1/campaign/email": "campaigns.run",
  "POST /v1/campaign/export": "profiles.view_pii",
  "POST /v1/campaign/voice": "campaigns.run",
  "POST /v1/dashboard/export/profiles": "profiles.view_pii",
  "POST /v1/links/:id/activate": "profiles.onboard",
  "POST /v1/links/:id/deactivate": "profiles.onboard",
  "POST /v1/links/create": "profiles.onboard",
  "POST /v1/orgs/create": "service",
  "POST /v1/support": "signed_in",
}
`;
